// Jest Snapshot v1, https://goo.gl/fbAQLP

exports[`gux-toggle #render should render component as expected (1) 1`] = `""`;

exports[`gux-toggle #render should render component as expected (2) 1`] = `""`;

exports[`gux-toggle #render should render component as expected (3) 1`] = `""`;

exports[`gux-toggle #render should render component as expected (4) 1`] = `""`;

exports[`gux-toggle #render should render component as expected (5) 1`] = `""`;

exports[`gux-toggle #render should render component as expected (6) 1`] = `""`;

exports[`gux-toggle #render should render component as expected (7) 1`] = `""`;

exports[`gux-toggle #render should render component as expected (8) 1`] = `""`;

exports[`gux-toggle #render should render component as expected (9) 1`] = `""`;
