// Jest Snapshot v1, https://goo.gl/fbAQLP

exports[`gux-simple-toast #render should render alert simple toast 1`] = `"<gux-simple-toast lang=\\"en\\" accent=\\"alert\\" class=\\"hydrated\\"><!----> <div class=\\"gux-icon gux-alert\\"><gux-icon slot=\\"icon\\" icon-name=\\"user-add\\" decorative=\\"\\" class=\\"hydrated\\"><div class=\\"gux-icon-container\\"><svg xmlns=\\"http://www.w3.org/2000/svg\\" version=\\"1.1\\" id=\\"Extra_Icons_OL\\" x=\\"0\\" y=\\"0\\" viewBox=\\"0 0 16 16\\" xml:space=\\"preserve\\" aria-hidden=\\"true\\" style=\\"enable-background: new 0 0 16 16;\\"><style>.st0{fill:#33383d}</style><path class=\\"st0\\" d=\\"M6 8.75c2.21 0 4-1.79 4-4s-1.79-4-4-4-4 1.79-4 4 1.79 4 4 4zm0-6.5a2.5 2.5 0 0 1 0 5 2.5 2.5 0 0 1 0-5zM15.25 7.5h-1.5V6a.749.749 0 1 0-1.5 0v1.5h-1.5a.749.749 0 1 0 0 1.5h1.5v1.5c0 .41.34.75.75.75s.75-.34.75-.75V9h1.5c.41 0 .75-.34.75-.75s-.34-.75-.75-.75zM11.27 12.43a3.352 3.352 0 0 0-3.24-2.48H3.97a3.37 3.37 0 0 0-3.24 2.48l-.7 2.62a.75.75 0 1 0 1.45.39l.7-2.62c.22-.81.95-1.37 1.79-1.37h4.06c.84 0 1.57.56 1.79 1.37l.7 2.62c.09.33.39.56.72.56.06 0 .13-.01.19-.03.4-.11.64-.52.53-.92l-.69-2.62z\\"></path></svg></div></gux-icon></div><div class=\\"gux-message\\"><div slot=\\"message\\">This is the message</div></div><gux-dismiss-button-beta class=\\"hydrated\\"></gux-dismiss-button-beta></gux-simple-toast>"`;

exports[`gux-simple-toast #render should render neutral simple toast 1`] = `"<gux-simple-toast lang=\\"en\\" accent=\\"neutral\\" class=\\"hydrated\\"><!----> <div class=\\"gux-icon gux-neutral\\"><gux-icon slot=\\"icon\\" icon-name=\\"user-add\\" decorative=\\"\\" class=\\"hydrated\\"><div class=\\"gux-icon-container\\"><svg xmlns=\\"http://www.w3.org/2000/svg\\" version=\\"1.1\\" id=\\"Extra_Icons_OL\\" x=\\"0\\" y=\\"0\\" viewBox=\\"0 0 16 16\\" xml:space=\\"preserve\\" aria-hidden=\\"true\\" style=\\"enable-background: new 0 0 16 16;\\"><style>.st0{fill:#33383d}</style><path class=\\"st0\\" d=\\"M6 8.75c2.21 0 4-1.79 4-4s-1.79-4-4-4-4 1.79-4 4 1.79 4 4 4zm0-6.5a2.5 2.5 0 0 1 0 5 2.5 2.5 0 0 1 0-5zM15.25 7.5h-1.5V6a.749.749 0 1 0-1.5 0v1.5h-1.5a.749.749 0 1 0 0 1.5h1.5v1.5c0 .41.34.75.75.75s.75-.34.75-.75V9h1.5c.41 0 .75-.34.75-.75s-.34-.75-.75-.75zM11.27 12.43a3.352 3.352 0 0 0-3.24-2.48H3.97a3.37 3.37 0 0 0-3.24 2.48l-.7 2.62a.75.75 0 1 0 1.45.39l.7-2.62c.22-.81.95-1.37 1.79-1.37h4.06c.84 0 1.57.56 1.79 1.37l.7 2.62c.09.33.39.56.72.56.06 0 .13-.01.19-.03.4-.11.64-.52.53-.92l-.69-2.62z\\"></path></svg></div></gux-icon></div><div class=\\"gux-message\\"><div slot=\\"message\\">This is the message</div></div><gux-dismiss-button-beta class=\\"hydrated\\"></gux-dismiss-button-beta></gux-simple-toast>"`;

exports[`gux-simple-toast #render should render positive simple toast 1`] = `"<gux-simple-toast lang=\\"en\\" accent=\\"positive\\" class=\\"hydrated\\"><!----> <div class=\\"gux-icon gux-positive\\"><gux-icon slot=\\"icon\\" icon-name=\\"user-add\\" decorative=\\"\\" class=\\"hydrated\\"><div class=\\"gux-icon-container\\"><svg xmlns=\\"http://www.w3.org/2000/svg\\" version=\\"1.1\\" id=\\"Extra_Icons_OL\\" x=\\"0\\" y=\\"0\\" viewBox=\\"0 0 16 16\\" xml:space=\\"preserve\\" aria-hidden=\\"true\\" style=\\"enable-background: new 0 0 16 16;\\"><style>.st0{fill:#33383d}</style><path class=\\"st0\\" d=\\"M6 8.75c2.21 0 4-1.79 4-4s-1.79-4-4-4-4 1.79-4 4 1.79 4 4 4zm0-6.5a2.5 2.5 0 0 1 0 5 2.5 2.5 0 0 1 0-5zM15.25 7.5h-1.5V6a.749.749 0 1 0-1.5 0v1.5h-1.5a.749.749 0 1 0 0 1.5h1.5v1.5c0 .41.34.75.75.75s.75-.34.75-.75V9h1.5c.41 0 .75-.34.75-.75s-.34-.75-.75-.75zM11.27 12.43a3.352 3.352 0 0 0-3.24-2.48H3.97a3.37 3.37 0 0 0-3.24 2.48l-.7 2.62a.75.75 0 1 0 1.45.39l.7-2.62c.22-.81.95-1.37 1.79-1.37h4.06c.84 0 1.57.56 1.79 1.37l.7 2.62c.09.33.39.56.72.56.06 0 .13-.01.19-.03.4-.11.64-.52.53-.92l-.69-2.62z\\"></path></svg></div></gux-icon></div><div class=\\"gux-message\\"><div slot=\\"message\\">This is the message</div></div><gux-dismiss-button-beta class=\\"hydrated\\"></gux-dismiss-button-beta></gux-simple-toast>"`;

exports[`gux-simple-toast #render should render warning simple toast 1`] = `"<gux-simple-toast lang=\\"en\\" accent=\\"warning\\" class=\\"hydrated\\"><!----> <div class=\\"gux-icon gux-warning\\"><gux-icon slot=\\"icon\\" icon-name=\\"user-add\\" decorative=\\"\\" class=\\"hydrated\\"><div class=\\"gux-icon-container\\"><svg xmlns=\\"http://www.w3.org/2000/svg\\" version=\\"1.1\\" id=\\"Extra_Icons_OL\\" x=\\"0\\" y=\\"0\\" viewBox=\\"0 0 16 16\\" xml:space=\\"preserve\\" aria-hidden=\\"true\\" style=\\"enable-background: new 0 0 16 16;\\"><style>.st0{fill:#33383d}</style><path class=\\"st0\\" d=\\"M6 8.75c2.21 0 4-1.79 4-4s-1.79-4-4-4-4 1.79-4 4 1.79 4 4 4zm0-6.5a2.5 2.5 0 0 1 0 5 2.5 2.5 0 0 1 0-5zM15.25 7.5h-1.5V6a.749.749 0 1 0-1.5 0v1.5h-1.5a.749.749 0 1 0 0 1.5h1.5v1.5c0 .41.34.75.75.75s.75-.34.75-.75V9h1.5c.41 0 .75-.34.75-.75s-.34-.75-.75-.75zM11.27 12.43a3.352 3.352 0 0 0-3.24-2.48H3.97a3.37 3.37 0 0 0-3.24 2.48l-.7 2.62a.75.75 0 1 0 1.45.39l.7-2.62c.22-.81.95-1.37 1.79-1.37h4.06c.84 0 1.57.56 1.79 1.37l.7 2.62c.09.33.39.56.72.56.06 0 .13-.01.19-.03.4-.11.64-.52.53-.92l-.69-2.62z\\"></path></svg></div></gux-icon></div><div class=\\"gux-message\\"><div slot=\\"message\\">This is the message</div></div><gux-dismiss-button-beta class=\\"hydrated\\"></gux-dismiss-button-beta></gux-simple-toast>"`;
