// Jest Snapshot v1, https://goo.gl/fbAQLP

exports[`gux-flyout-menu #render should render as expected 1`] = `"<gux-flyout-menu-beta tabindex=\\"0\\" aria-haspopup=\\"true\\" aria-expanded=\\"false\\" role=\\"button\\" class=\\"hydrated\\"><!----> <span><span slot=\\"target\\">Example Target Element</span></span><div class=\\"gux-flyout-menu-wrapper\\" data-popper-placement=\\"bottom-start\\" style=\\"position: absolute; left: 0px; top: 0px; margin: 0px; right: auto; bottom: auto; transform: translate(8px, 41px);\\"><div class=\\"gux-flyout-menu-content\\"><gux-menu slot=\\"menu\\" role=\\"menu\\" class=\\"hydrated\\"><!----> <gux-menu-option class=\\"hydrated\\"><!----><button type=\\"button\\" class=\\"gux-menu-option-button\\" role=\\"menuitem\\" aria-haspopup=\\"false\\" tabindex=\\"-1\\"><span class=\\"gux-menu-option-button-text\\">Option One</span></button></gux-menu-option> <gux-submenu label=\\"Submenu Two\\" class=\\"hydrated\\"><!----><button type=\\"button\\" class=\\"gux-submenu-button\\" role=\\"menuitem\\" tabindex=\\"-1\\" aria-haspopup=\\"true\\" aria-expanded=\\"false\\"><span class=\\"gux-submenu-button-text\\">Submenu Two</span><gux-icon class=\\"gux-submenu-open-icon hydrated\\" icon-name=\\"chevron-small-right\\"><div class=\\"gux-icon-container\\"><svg xmlns=\\"http://www.w3.org/2000/svg\\" viewBox=\\"0 0 16 16\\" xml:space=\\"preserve\\" aria-hidden=\\"true\\" style=\\"enable-background: new 0 0 16 16;\\"><style>.st0{display:none}</style><path d=\\"M6.75 13c-.19 0-.38-.07-.53-.22a.754.754 0 0 1 0-1.06L9.94 8 6.22 4.28c-.29-.29-.29-.77 0-1.06s.77-.29 1.06 0l4.25 4.25c.29.29.29.77 0 1.06l-4.25 4.25c-.15.15-.34.22-.53.22z\\" id=\\"Genesys\\" style=\\"fill: #33383d;\\"></path></svg></div></gux-icon></button><div class=\\"gux-submenu-wrapper\\" data-popper-reference-hidden data-popper-escaped data-popper-placement=\\"right-start\\" style=\\"position: absolute; left: 0px; top: 0px; margin: 0px; right: auto; bottom: auto; transform: translate(0px, 0px);\\"><div role=\\"menu\\" class=\\"gux-submenu-content\\"> <gux-menu-option class=\\"hydrated\\"><!----><button type=\\"button\\" class=\\"gux-menu-option-button\\" role=\\"menuitem\\" aria-haspopup=\\"false\\" tabindex=\\"-1\\"><span class=\\"gux-menu-option-button-text\\">Option One</span></button></gux-menu-option> <gux-submenu label=\\"Submenu Two\\" class=\\"hydrated\\"><!----><button type=\\"button\\" class=\\"gux-submenu-button\\" role=\\"menuitem\\" tabindex=\\"-1\\" aria-haspopup=\\"true\\" aria-expanded=\\"false\\"><span class=\\"gux-submenu-button-text\\">Submenu Two</span><gux-icon class=\\"gux-submenu-open-icon hydrated\\" icon-name=\\"chevron-small-right\\"><div class=\\"gux-icon-container\\"><svg xmlns=\\"http://www.w3.org/2000/svg\\" viewBox=\\"0 0 16 16\\" xml:space=\\"preserve\\" aria-hidden=\\"true\\" style=\\"enable-background: new 0 0 16 16;\\"><style>.st0{display:none}</style><path d=\\"M6.75 13c-.19 0-.38-.07-.53-.22a.754.754 0 0 1 0-1.06L9.94 8 6.22 4.28c-.29-.29-.29-.77 0-1.06s.77-.29 1.06 0l4.25 4.25c.29.29.29.77 0 1.06l-4.25 4.25c-.15.15-.34.22-.53.22z\\" id=\\"Genesys\\" style=\\"fill: #33383d;\\"></path></svg></div></gux-icon></button><div class=\\"gux-submenu-wrapper\\" data-popper-reference-hidden data-popper-escaped data-popper-placement=\\"right-start\\" style=\\"position: absolute; left: 0px; top: 0px; margin: 0px; right: auto; bottom: auto; transform: translate(0px, 0px);\\"><div role=\\"menu\\" class=\\"gux-submenu-content\\"> <gux-menu-option class=\\"hydrated\\"><!----><button type=\\"button\\" class=\\"gux-menu-option-button\\" role=\\"menuitem\\" aria-haspopup=\\"false\\" tabindex=\\"-1\\"><span class=\\"gux-menu-option-button-text\\">Option One</span></button></gux-menu-option> <gux-menu-option class=\\"hydrated\\"><!----><button type=\\"button\\" class=\\"gux-menu-option-button\\" role=\\"menuitem\\" aria-haspopup=\\"false\\" tabindex=\\"-1\\"><span class=\\"gux-menu-option-button-text\\">Option Two</span></button></gux-menu-option> <gux-menu-option class=\\"hydrated\\"><!----><button type=\\"button\\" class=\\"gux-menu-option-button\\" role=\\"menuitem\\" aria-haspopup=\\"false\\" tabindex=\\"-1\\"><span class=\\"gux-menu-option-button-text\\">Option Three</span></button></gux-menu-option> </div></div></gux-submenu> <gux-menu-option class=\\"hydrated\\"><!----><button type=\\"button\\" class=\\"gux-menu-option-button\\" role=\\"menuitem\\" aria-haspopup=\\"false\\" tabindex=\\"-1\\"><span class=\\"gux-menu-option-button-text\\">Option Three</span></button></gux-menu-option> </div></div></gux-submenu> <gux-menu-option class=\\"hydrated\\"><!----><button type=\\"button\\" class=\\"gux-menu-option-button\\" role=\\"menuitem\\" aria-haspopup=\\"false\\" tabindex=\\"-1\\"><span class=\\"gux-menu-option-button-text\\">Option Three</span></button></gux-menu-option> <gux-menu-option class=\\"hydrated\\"><!----><button type=\\"button\\" class=\\"gux-menu-option-button\\" role=\\"menuitem\\" aria-haspopup=\\"false\\" tabindex=\\"-1\\"><span class=\\"gux-menu-option-button-text\\">Option Four</span></button></gux-menu-option> <gux-submenu label=\\"Submenu Five\\" class=\\"hydrated\\"><!----><button type=\\"button\\" class=\\"gux-submenu-button\\" role=\\"menuitem\\" tabindex=\\"-1\\" aria-haspopup=\\"true\\" aria-expanded=\\"false\\"><span class=\\"gux-submenu-button-text\\">Submenu Five</span><gux-icon class=\\"gux-submenu-open-icon hydrated\\" icon-name=\\"chevron-small-right\\"><div class=\\"gux-icon-container\\"><svg xmlns=\\"http://www.w3.org/2000/svg\\" viewBox=\\"0 0 16 16\\" xml:space=\\"preserve\\" aria-hidden=\\"true\\" style=\\"enable-background: new 0 0 16 16;\\"><style>.st0{display:none}</style><path d=\\"M6.75 13c-.19 0-.38-.07-.53-.22a.754.754 0 0 1 0-1.06L9.94 8 6.22 4.28c-.29-.29-.29-.77 0-1.06s.77-.29 1.06 0l4.25 4.25c.29.29.29.77 0 1.06l-4.25 4.25c-.15.15-.34.22-.53.22z\\" id=\\"Genesys\\" style=\\"fill: #33383d;\\"></path></svg></div></gux-icon></button><div class=\\"gux-submenu-wrapper\\" data-popper-reference-hidden data-popper-escaped data-popper-placement=\\"right-start\\" style=\\"position: absolute; left: 0px; top: 0px; margin: 0px; right: auto; bottom: auto; transform: translate(0px, 0px);\\"><div role=\\"menu\\" class=\\"gux-submenu-content\\"> <gux-menu-option class=\\"hydrated\\"><!----><button type=\\"button\\" class=\\"gux-menu-option-button\\" role=\\"menuitem\\" aria-haspopup=\\"false\\" tabindex=\\"-1\\"><span class=\\"gux-menu-option-button-text\\">Option One</span></button></gux-menu-option> <gux-menu-option class=\\"hydrated\\"><!----><button type=\\"button\\" class=\\"gux-menu-option-button\\" role=\\"menuitem\\" aria-haspopup=\\"false\\" tabindex=\\"-1\\"><span class=\\"gux-menu-option-button-text\\">Option Two</span></button></gux-menu-option> <gux-submenu label=\\"Submenu Three\\" class=\\"hydrated\\"><!----><button type=\\"button\\" class=\\"gux-submenu-button\\" role=\\"menuitem\\" tabindex=\\"-1\\" aria-haspopup=\\"true\\" aria-expanded=\\"false\\"><span class=\\"gux-submenu-button-text\\">Submenu Three</span><gux-icon class=\\"gux-submenu-open-icon hydrated\\" icon-name=\\"chevron-small-right\\"><div class=\\"gux-icon-container\\"><svg xmlns=\\"http://www.w3.org/2000/svg\\" viewBox=\\"0 0 16 16\\" xml:space=\\"preserve\\" aria-hidden=\\"true\\" style=\\"enable-background: new 0 0 16 16;\\"><style>.st0{display:none}</style><path d=\\"M6.75 13c-.19 0-.38-.07-.53-.22a.754.754 0 0 1 0-1.06L9.94 8 6.22 4.28c-.29-.29-.29-.77 0-1.06s.77-.29 1.06 0l4.25 4.25c.29.29.29.77 0 1.06l-4.25 4.25c-.15.15-.34.22-.53.22z\\" id=\\"Genesys\\" style=\\"fill: #33383d;\\"></path></svg></div></gux-icon></button><div class=\\"gux-submenu-wrapper\\" data-popper-reference-hidden data-popper-escaped data-popper-placement=\\"right-start\\" style=\\"position: absolute; left: 0px; top: 0px; margin: 0px; right: auto; bottom: auto; transform: translate(0px, 0px);\\"><div role=\\"menu\\" class=\\"gux-submenu-content\\"> <gux-menu-option class=\\"hydrated\\"><!----><button type=\\"button\\" class=\\"gux-menu-option-button\\" role=\\"menuitem\\" aria-haspopup=\\"false\\" tabindex=\\"-1\\"><span class=\\"gux-menu-option-button-text\\">Option One</span></button></gux-menu-option> <gux-submenu label=\\"Submenu Two\\" class=\\"hydrated\\"><!----><button type=\\"button\\" class=\\"gux-submenu-button\\" role=\\"menuitem\\" tabindex=\\"-1\\" aria-haspopup=\\"true\\" aria-expanded=\\"false\\"><span class=\\"gux-submenu-button-text\\">Submenu Two</span><gux-icon class=\\"gux-submenu-open-icon hydrated\\" icon-name=\\"chevron-small-right\\"><div class=\\"gux-icon-container\\"><svg xmlns=\\"http://www.w3.org/2000/svg\\" viewBox=\\"0 0 16 16\\" xml:space=\\"preserve\\" aria-hidden=\\"true\\" style=\\"enable-background: new 0 0 16 16;\\"><style>.st0{display:none}</style><path d=\\"M6.75 13c-.19 0-.38-.07-.53-.22a.754.754 0 0 1 0-1.06L9.94 8 6.22 4.28c-.29-.29-.29-.77 0-1.06s.77-.29 1.06 0l4.25 4.25c.29.29.29.77 0 1.06l-4.25 4.25c-.15.15-.34.22-.53.22z\\" id=\\"Genesys\\" style=\\"fill: #33383d;\\"></path></svg></div></gux-icon></button><div class=\\"gux-submenu-wrapper\\" data-popper-reference-hidden data-popper-escaped data-popper-placement=\\"right-start\\" style=\\"position: absolute; left: 0px; top: 0px; margin: 0px; right: auto; bottom: auto; transform: translate(0px, 0px);\\"><div role=\\"menu\\" class=\\"gux-submenu-content\\"> <gux-menu-option class=\\"hydrated\\"><!----><button type=\\"button\\" class=\\"gux-menu-option-button\\" role=\\"menuitem\\" aria-haspopup=\\"false\\" tabindex=\\"-1\\"><span class=\\"gux-menu-option-button-text\\">Option One</span></button></gux-menu-option> <gux-submenu label=\\"Submenu Two\\" class=\\"hydrated\\"><!----><button type=\\"button\\" class=\\"gux-submenu-button\\" role=\\"menuitem\\" tabindex=\\"-1\\" aria-haspopup=\\"true\\" aria-expanded=\\"false\\"><span class=\\"gux-submenu-button-text\\">Submenu Two</span><gux-icon class=\\"gux-submenu-open-icon hydrated\\" icon-name=\\"chevron-small-right\\"><div class=\\"gux-icon-container\\"><svg xmlns=\\"http://www.w3.org/2000/svg\\" viewBox=\\"0 0 16 16\\" xml:space=\\"preserve\\" aria-hidden=\\"true\\" style=\\"enable-background: new 0 0 16 16;\\"><style>.st0{display:none}</style><path d=\\"M6.75 13c-.19 0-.38-.07-.53-.22a.754.754 0 0 1 0-1.06L9.94 8 6.22 4.28c-.29-.29-.29-.77 0-1.06s.77-.29 1.06 0l4.25 4.25c.29.29.29.77 0 1.06l-4.25 4.25c-.15.15-.34.22-.53.22z\\" id=\\"Genesys\\" style=\\"fill: #33383d;\\"></path></svg></div></gux-icon></button><div class=\\"gux-submenu-wrapper\\" data-popper-reference-hidden data-popper-escaped data-popper-placement=\\"right-start\\" style=\\"position: absolute; left: 0px; top: 0px; margin: 0px; right: auto; bottom: auto; transform: translate(0px, 0px);\\"><div role=\\"menu\\" class=\\"gux-submenu-content\\"> <gux-menu-option class=\\"hydrated\\"><!----><button type=\\"button\\" class=\\"gux-menu-option-button\\" role=\\"menuitem\\" aria-haspopup=\\"false\\" tabindex=\\"-1\\"><span class=\\"gux-menu-option-button-text\\">Option One</span></button></gux-menu-option> <gux-menu-option class=\\"hydrated\\"><!----><button type=\\"button\\" class=\\"gux-menu-option-button\\" role=\\"menuitem\\" aria-haspopup=\\"false\\" tabindex=\\"-1\\"><span class=\\"gux-menu-option-button-text\\">Option Two</span></button></gux-menu-option> <gux-menu-option class=\\"hydrated\\"><!----><button type=\\"button\\" class=\\"gux-menu-option-button\\" role=\\"menuitem\\" aria-haspopup=\\"false\\" tabindex=\\"-1\\"><span class=\\"gux-menu-option-button-text\\">Option Three</span></button></gux-menu-option> </div></div></gux-submenu> <gux-menu-option class=\\"hydrated\\"><!----><button type=\\"button\\" class=\\"gux-menu-option-button\\" role=\\"menuitem\\" aria-haspopup=\\"false\\" tabindex=\\"-1\\"><span class=\\"gux-menu-option-button-text\\">Option Three</span></button></gux-menu-option> </div></div></gux-submenu> <gux-menu-option class=\\"hydrated\\"><!----><button type=\\"button\\" class=\\"gux-menu-option-button\\" role=\\"menuitem\\" aria-haspopup=\\"false\\" tabindex=\\"-1\\"><span class=\\"gux-menu-option-button-text\\">Option Three</span></button></gux-menu-option> </div></div></gux-submenu> </div></div></gux-submenu> </gux-menu></div><div class=\\"gux-arrow\\" data-popper-arrow style=\\"position: absolute; left: 0px; transform: translate(16px, 0px);\\"></div></div></gux-flyout-menu-beta>"`;
