// Jest Snapshot v1, https://goo.gl/fbAQLP

exports[`gux-input-search #render should render component as expected (1) 1`] = `"<!----><div class=\\"gux-input-container\\"><gux-icon class=\\"gux-search-icon hydrated\\" icon-name=\\"search\\"><div class=\\"gux-icon-container\\"><svg xmlns=\\"http://www.w3.org/2000/svg\\" viewBox=\\"0 0 16 16\\" xml:space=\\"preserve\\" aria-hidden=\\"true\\" style=\\"enable-background: new 0 0 16 16;\\"><style>.st0{display:none}.st10{fill:#33383d}</style><g id=\\"Genesys\\"><path class=\\"st10\\" d=\\"M6.63 13.25C2.97 13.25 0 10.28 0 6.63S2.97 0 6.63 0c3.65 0 6.62 2.97 6.62 6.62s-2.97 6.63-6.62 6.63zm0-11.75C3.8 1.5 1.5 3.8 1.5 6.63s2.3 5.12 5.12 5.12 5.12-2.3 5.12-5.12S9.45 1.5 6.63 1.5zM15.25 16c-.19 0-.38-.07-.53-.22l-2.7-2.7c-.29-.29-.29-.77 0-1.06s.77-.29 1.06 0l2.7 2.7c.29.29.29.77 0 1.06-.15.15-.34.22-.53.22z\\"></path></g></svg></div></gux-icon> <input name=\\"search\\" type=\\"search\\" placeholder=\\"Enter a search\\"> </div>"`;

exports[`gux-input-search #render should render component as expected (2) 1`] = `"<!----><div class=\\"gux-input-container\\"><gux-icon class=\\"gux-search-icon hydrated\\" icon-name=\\"search\\"><div class=\\"gux-icon-container\\"><svg xmlns=\\"http://www.w3.org/2000/svg\\" viewBox=\\"0 0 16 16\\" xml:space=\\"preserve\\" aria-hidden=\\"true\\" style=\\"enable-background: new 0 0 16 16;\\"><style>.st0{display:none}.st10{fill:#33383d}</style><g id=\\"Genesys\\"><path class=\\"st10\\" d=\\"M6.63 13.25C2.97 13.25 0 10.28 0 6.63S2.97 0 6.63 0c3.65 0 6.62 2.97 6.62 6.62s-2.97 6.63-6.62 6.63zm0-11.75C3.8 1.5 1.5 3.8 1.5 6.63s2.3 5.12 5.12 5.12 5.12-2.3 5.12-5.12S9.45 1.5 6.63 1.5zM15.25 16c-.19 0-.38-.07-.53-.22l-2.7-2.7c-.29-.29-.29-.77 0-1.06s.77-.29 1.06 0l2.7 2.7c.29.29.29.77 0 1.06-.15.15-.34.22-.53.22z\\"></path></g></svg></div></gux-icon> <input name=\\"search\\" type=\\"search\\" placeholder=\\"Enter a search\\" value=\\"test\\"> <button class=\\"gux-clear-button\\" type=\\"button\\" title=\\"Clear\\"><gux-icon icon-name=\\"close\\" class=\\"hydrated\\"><div class=\\"gux-icon-container\\"><svg xmlns=\\"http://www.w3.org/2000/svg\\" viewBox=\\"0 0 16 16\\" xml:space=\\"preserve\\" aria-hidden=\\"true\\" style=\\"enable-background: new 0 0 16 16;\\"><path d=\\"m9.06 8 3.72-3.72c.29-.29.29-.77 0-1.06s-.77-.29-1.06 0L8 6.94 4.28 3.22c-.29-.29-.77-.29-1.06 0s-.29.77 0 1.06L6.94 8l-3.72 3.72c-.29.29-.29.77 0 1.06.15.15.34.22.53.22s.38-.07.53-.22L8 9.06l3.72 3.72c.15.15.34.22.53.22s.38-.07.53-.22c.29-.29.29-.77 0-1.06L9.06 8z\\" style=\\"fill: #33383d;\\"></path></svg></div></gux-icon></button></div>"`;

exports[`gux-input-search #render should render component as expected (3) 1`] = `"<!----><div class=\\"gux-input-container gux-disabled\\"><gux-icon class=\\"gux-search-icon hydrated\\" icon-name=\\"search\\"><div class=\\"gux-icon-container\\"><svg xmlns=\\"http://www.w3.org/2000/svg\\" viewBox=\\"0 0 16 16\\" xml:space=\\"preserve\\" aria-hidden=\\"true\\" style=\\"enable-background: new 0 0 16 16;\\"><style>.st0{display:none}.st10{fill:#33383d}</style><g id=\\"Genesys\\"><path class=\\"st10\\" d=\\"M6.63 13.25C2.97 13.25 0 10.28 0 6.63S2.97 0 6.63 0c3.65 0 6.62 2.97 6.62 6.62s-2.97 6.63-6.62 6.63zm0-11.75C3.8 1.5 1.5 3.8 1.5 6.63s2.3 5.12 5.12 5.12 5.12-2.3 5.12-5.12S9.45 1.5 6.63 1.5zM15.25 16c-.19 0-.38-.07-.53-.22l-2.7-2.7c-.29-.29-.29-.77 0-1.06s.77-.29 1.06 0l2.7 2.7c.29.29.29.77 0 1.06-.15.15-.34.22-.53.22z\\"></path></g></svg></div></gux-icon> <input name=\\"search\\" type=\\"search\\" placeholder=\\"Enter a search\\" disabled=\\"\\"> </div>"`;
