// Jest Snapshot v1, https://goo.gl/fbAQLP

exports[`gux-tabs renders 1`] = `" <gux-tab tab-id=\\"1\\" tab-icon-name=\\"lock\\" class=\\"hydrated\\"><!----> <button type=\\"button\\" class=\\"gux-tab gux-show\\" role=\\"button\\"><div class=\\"tab-icon-container\\"><gux-icon icon-name=\\"lock\\" class=\\"hydrated\\"><div class=\\"gux-icon-container\\"><svg xmlns=\\"http://www.w3.org/2000/svg\\" viewBox=\\"0 0 16 16\\" xml:space=\\"preserve\\" aria-hidden=\\"true\\" style=\\"enable-background: new 0 0 16 16;\\"><style>.st0{display:none}.st1{display:inline;fill:none;stroke:#33383d;stroke-width:1.3;stroke-linecap:round;stroke-linejoin:round;stroke-miterlimit:10}.st2,.st8{display:inline}.st8,.st9{fill:none;stroke:#33383d;stroke-width:1.5;stroke-linecap:round;stroke-linejoin:round;stroke-miterlimit:10}</style><path d=\\"M13.25 7.75v-2.5a5.25 5.25 0 1 0-10.5 0v2.5c-1.1 0-2 .9-2 2V14c0 1.1.9 2 2 2h8c.41 0 .75-.34.75-.75s-.34-.75-.75-.75h-8c-.28 0-.5-.22-.5-.5V9.75c0-.28.22-.5.5-.5h10.5c.28 0 .5.22.5.5V14c0 .28-.22.5-.5.5-.41 0-.75.34-.75.75s.34.75.75.75c1.1 0 2-.9 2-2V9.75c0-1.1-.9-2-2-2zm-9-2.5C4.25 3.18 5.93 1.5 8 1.5s3.75 1.68 3.75 3.75v2.5h-1.5v-2.5C10.25 4.01 9.24 3 8 3S5.75 4.01 5.75 5.25v2.5h-1.5v-2.5zm4.5 2.5h-1.5v-2.5c0-.42.33-.75.75-.75s.75.34.75.75v2.5z\\" id=\\"Genesys\\" style=\\"fill: #33383d;\\"></path></svg></div></gux-icon></div><span class=\\"tab-title\\"><span slot=\\"title\\"> Hello World </span></span></button><button id=\\"gux-i\\" type=\\"button\\" class=\\"gux-tab-options-button\\"><gux-icon icon-name=\\"menu-kebab-vertical\\" class=\\"hydrated\\"><div class=\\"gux-icon-container\\"><svg xmlns=\\"http://www.w3.org/2000/svg\\" viewBox=\\"0 0 16 16\\" xml:space=\\"preserve\\" aria-hidden=\\"true\\" style=\\"enable-background: new 0 0 16 16;\\"><style>.st0{display:none}.st6{display:inline}.st10,.st6{fill:#33383d}</style><g id=\\"Genesys\\"><circle class=\\"st10\\" cx=\\"8\\" cy=\\"8\\" r=\\"1.38\\"></circle><circle class=\\"st10\\" cx=\\"8\\" cy=\\"13\\" r=\\"1.38\\"></circle><circle class=\\"st10\\" cx=\\"8\\" cy=\\"3\\" r=\\"1.38\\"></circle></g></svg></div></gux-icon></button><gux-popover hidden=\\"\\" class=\\"hydrated\\"><!----><div class=\\"gux-popover-wrapper\\"><div class=\\"gux-arrow\\" data-popper-arrow></div><div class=\\"gux-popover-content\\"><div><span slot=\\"dropdown-options\\"> <gux-tab-dropdown-option option-id=\\"1\\" icon-name=\\"edit\\" onclick=\\"notify(event)\\" class=\\"hydrated\\"><!----><button class=\\"tab-dropdown-option\\"><gux-icon icon-name=\\"edit\\" class=\\"hydrated\\"><div class=\\"gux-icon-container\\"><svg xmlns=\\"http://www.w3.org/2000/svg\\" viewBox=\\"0 0 16 16\\" xml:space=\\"preserve\\" aria-hidden=\\"true\\" style=\\"enable-background: new 0 0 16 16;\\"><style>.st0{display:none}.st3{display:inline}.st12{fill:none;stroke:#33383d;stroke-width:1.5;stroke-linecap:round;stroke-linejoin:round;stroke-miterlimit:10}</style><path d=\\"M1.41 16c-.37 0-.73-.15-1-.41-.32-.32-.47-.79-.39-1.24l.46-2.63a2 2 0 0 1 .58-1.11l8.23-8.23c.29-.29.77-.29 1.06 0s.29.77 0 1.06l-8.23 8.23a.58.58 0 0 0-.16.31l-.44 2.5 2.5-.44c.12-.02.22-.07.31-.16l10-10c.22-.22.22-.58 0-.8l-1.41-1.41a.567.567 0 0 0-.8 0c-.29.29-.77.29-1.06 0s-.29-.77 0-1.06c.81-.81 2.12-.81 2.92 0l1.41 1.41c.81.81.81 2.12 0 2.93l-10 10c-.3.3-.69.5-1.11.57l-2.63.46c-.08.01-.16.02-.24.02z\\" id=\\"Genesys\\" style=\\"fill: #33383d;\\"></path></svg></div></gux-icon><span> Edit </span></button></gux-tab-dropdown-option> <gux-tab-dropdown-option option-id=\\"2\\" icon-name=\\"clone\\" onclick=\\"notify(event)\\" class=\\"hydrated\\"><!----><button class=\\"tab-dropdown-option\\"><gux-icon icon-name=\\"clone\\" class=\\"hydrated\\"><div class=\\"gux-icon-container\\"><svg xmlns=\\"http://www.w3.org/2000/svg\\" viewBox=\\"0 0 16 16\\" xml:space=\\"preserve\\" aria-hidden=\\"true\\" style=\\"enable-background: new 0 0 16 16;\\"><style>.st0{display:none}.st3{display:inline;fill:none;stroke:#33383d;stroke-width:1.5;stroke-linecap:round;stroke-linejoin:round;stroke-miterlimit:10}.st11{fill:#33383d}</style><g id=\\"Genesys\\"><path class=\\"st11\\" d=\\"M15.25 0H3.5c-.42 0-.75.33-.75.75V12.5c0 .41.34.75.75.75h11.75c.41 0 .75-.34.75-.75V.75c0-.42-.34-.75-.75-.75zm-.75 11.75H4.25V1.5H14.5v10.25z\\"></path><path class=\\"st11\\" d=\\"M6.25 7.37h2.38v2.38c0 .41.34.75.75.75s.75-.34.75-.75V7.37h2.38c.41 0 .75-.34.75-.75s-.34-.75-.75-.75h-2.38V3.5a.755.755 0 0 0-1.51 0v2.38H6.25c-.41 0-.75.34-.75.75s.34.74.75.74zM11.29 14.5H1.5V4.71a.749.749 0 1 0-1.5 0v10.54c0 .41.34.75.75.75h10.54a.749.749 0 1 0 0-1.5z\\"></path></g></svg></div></gux-icon><span> Clone </span></button></gux-tab-dropdown-option> <gux-tab-dropdown-option option-id=\\"3\\" icon-name=\\"share\\" onclick=\\"notify(event)\\" class=\\"hydrated\\"><!----><button class=\\"tab-dropdown-option\\"><gux-icon icon-name=\\"share\\" class=\\"hydrated\\"><div class=\\"gux-icon-container\\"><svg xmlns=\\"http://www.w3.org/2000/svg\\" viewBox=\\"0 0 16 16\\" xml:space=\\"preserve\\" aria-hidden=\\"true\\" style=\\"enable-background: new 0 0 16 16;\\"><style>.st0{display:none}.st4{display:inline;fill:none;stroke:#33383d;stroke-width:1.5;stroke-linecap:round;stroke-linejoin:round;stroke-miterlimit:10}.st8{fill:#33383d}</style><g id=\\"Genesys\\"><path class=\\"st8\\" d=\\"M12.94 9.88c-.92 0-1.74.42-2.3 1.07l-4.6-2.3a3.06 3.06 0 0 0-2.99-3.71A3.07 3.07 0 0 0 0 8c0 1.68 1.37 3.06 3.06 3.06.92 0 1.74-.42 2.3-1.07l4.6 2.3A3.06 3.06 0 0 0 12.95 16c1.69 0 3.05-1.38 3.05-3.06s-1.38-3.06-3.06-3.06zm-9.88-.32C2.2 9.56 1.5 8.86 1.5 8c0-.86.7-1.56 1.56-1.56.86 0 1.56.7 1.56 1.56-.01.86-.7 1.56-1.56 1.56zm9.88 4.93c-.86 0-1.56-.7-1.56-1.56s.7-1.56 1.56-1.56 1.56.7 1.56 1.56-.7 1.56-1.56 1.56z\\"></path><path class=\\"st8\\" d=\\"M7.18 6.69c.11 0 .23-.03.33-.08l3.13-1.56c.56.64 1.38 1.06 2.3 1.06C14.62 6.1 16 4.73 16 3.05a3.06 3.06 0 1 0-6.12 0c0 .23.03.45.08.66L6.85 5.26c-.37.19-.52.64-.34 1.01.13.26.4.42.67.42zm5.76-5.2c.86 0 1.56.7 1.56 1.56 0 .86-.7 1.56-1.56 1.56s-1.56-.7-1.56-1.56c0-.86.7-1.56 1.56-1.56z\\"></path></g></svg></div></gux-icon><span> Share </span></button></gux-tab-dropdown-option> <gux-tab-dropdown-option option-id=\\"4\\" icon-name=\\"download\\" onclick=\\"notify(event)\\" class=\\"hydrated\\"><!----><button class=\\"tab-dropdown-option\\"><gux-icon icon-name=\\"download\\" class=\\"hydrated\\"><div class=\\"gux-icon-container\\"><svg xmlns=\\"http://www.w3.org/2000/svg\\" viewBox=\\"0 0 16 16\\" xml:space=\\"preserve\\" aria-hidden=\\"true\\" style=\\"enable-background: new 0 0 16 16;\\"><style>.st0{display:none}.st3{display:inline;fill:none;stroke:#33383d;stroke-width:1.5;stroke-linecap:round;stroke-linejoin:round;stroke-miterlimit:10}.st11{fill:#33383d}</style><g id=\\"Genesys\\"><path class=\\"st11\\" d=\\"M8 9.71c-.41 0-.75-.34-.75-.75V.75C7.25.34 7.59 0 8 0s.75.34.75.75v8.21c0 .42-.33.75-.75.75z\\"></path><path class=\\"st11\\" d=\\"M8 13.25c-.19 0-.38-.07-.53-.22l-4.5-4.5c-.29-.29-.29-.77 0-1.06s.77-.29 1.06 0L8 11.44l3.97-3.97c.29-.29.77-.29 1.06 0s.29.77 0 1.06l-4.5 4.5a.71.71 0 0 1-.53.22zM13.93 16H2.07c-.41 0-.75-.34-.75-.75s.34-.75.75-.75h11.87c.41 0 .75.34.75.75s-.34.75-.76.75z\\"></path></g></svg></div></gux-icon><span> Download </span></button></gux-tab-dropdown-option> </span></div></div></div></gux-popover></gux-tab> <gux-tab tab-id=\\"2\\" tab-icon-name=\\"lock\\" class=\\"hydrated\\"><!----> <button type=\\"button\\" class=\\"gux-tab gux-show\\" role=\\"button\\"><div class=\\"tab-icon-container\\"><gux-icon icon-name=\\"lock\\" class=\\"hydrated\\"><div class=\\"gux-icon-container\\"><svg xmlns=\\"http://www.w3.org/2000/svg\\" viewBox=\\"0 0 16 16\\" xml:space=\\"preserve\\" aria-hidden=\\"true\\" style=\\"enable-background: new 0 0 16 16;\\"><style>.st0{display:none}.st1{display:inline;fill:none;stroke:#33383d;stroke-width:1.3;stroke-linecap:round;stroke-linejoin:round;stroke-miterlimit:10}.st2,.st8{display:inline}.st8,.st9{fill:none;stroke:#33383d;stroke-width:1.5;stroke-linecap:round;stroke-linejoin:round;stroke-miterlimit:10}</style><path d=\\"M13.25 7.75v-2.5a5.25 5.25 0 1 0-10.5 0v2.5c-1.1 0-2 .9-2 2V14c0 1.1.9 2 2 2h8c.41 0 .75-.34.75-.75s-.34-.75-.75-.75h-8c-.28 0-.5-.22-.5-.5V9.75c0-.28.22-.5.5-.5h10.5c.28 0 .5.22.5.5V14c0 .28-.22.5-.5.5-.41 0-.75.34-.75.75s.34.75.75.75c1.1 0 2-.9 2-2V9.75c0-1.1-.9-2-2-2zm-9-2.5C4.25 3.18 5.93 1.5 8 1.5s3.75 1.68 3.75 3.75v2.5h-1.5v-2.5C10.25 4.01 9.24 3 8 3S5.75 4.01 5.75 5.25v2.5h-1.5v-2.5zm4.5 2.5h-1.5v-2.5c0-.42.33-.75.75-.75s.75.34.75.75v2.5z\\" id=\\"Genesys\\" style=\\"fill: #33383d;\\"></path></svg></div></gux-icon></div><span class=\\"tab-title\\"><span slot=\\"title\\"> Hello World 2 </span></span></button></gux-tab> "`;
