// Jest Snapshot v1, https://goo.gl/fbAQLP

exports[`gux-error-message-beta #render should render component as expected 1`] = `
<gux-error-message-beta>
  <mock:shadow-root>
    <div class="gux-container">
      <gux-icon decorative="" icon-name="alert-warning-octogon"></gux-icon>
      <div class="gux-message">
        <slot slot="error"></slot>
      </div>
    </div>
  </mock:shadow-root>
  This is an error message
</gux-error-message-beta>
`;
