// Jest Snapshot v1, https://goo.gl/fbAQLP

exports[`gux-breadcrumbs should display component as expected (1) 1`] = `"<gux-breadcrumbs lang=\\"en\\" class=\\"hydrated\\"><!----><nav aria-label=\\"Breadcrumbs\\" class=\\"gux-breadcrumbs-container\\"></nav></gux-breadcrumbs>"`;

exports[`gux-breadcrumbs should display component as expected (2) 1`] = `"<gux-breadcrumbs lang=\\"en\\" class=\\"hydrated\\"><!----><nav aria-label=\\"Breadcrumbs\\" class=\\"gux-breadcrumbs-container\\"> <gux-breadcrumb-item class=\\"hydrated\\"><!----><span class=\\"gux-breadcrumb-generation gux-primary\\"><span class=\\"gux-breadcrumb-content\\">Category</span><span class=\\"gux-breadcrumb-separator\\" aria-hidden=\\"true\\">/</span></span></gux-breadcrumb-item> <gux-breadcrumb-item href=\\"#\\" class=\\"hydrated\\"><!----><span class=\\"gux-breadcrumb-generation gux-primary\\"><a class=\\"gux-breadcrumb-content gux-link\\" href=\\"#\\">Parent</a><span class=\\"gux-breadcrumb-separator\\" aria-hidden=\\"true\\">/</span></span></gux-breadcrumb-item> <gux-breadcrumb-item class=\\"hydrated\\"><!----><span class=\\"gux-breadcrumb-generation gux-primary\\"><span class=\\"gux-breadcrumb-content\\">Current</span></span></gux-breadcrumb-item> </nav></gux-breadcrumbs>"`;

exports[`gux-breadcrumbs should display component as expected (3) 1`] = `"<gux-breadcrumbs lang=\\"en\\" class=\\"hydrated\\"><!----><nav aria-label=\\"Breadcrumbs\\" class=\\"gux-breadcrumbs-container\\"> <gux-breadcrumb-item class=\\"hydrated\\"><!----><span class=\\"gux-breadcrumb-generation gux-primary\\"><span class=\\"gux-breadcrumb-content\\">Category</span><span class=\\"gux-breadcrumb-separator\\" aria-hidden=\\"true\\">/</span></span></gux-breadcrumb-item> <gux-breadcrumb-item href=\\"#\\" class=\\"hydrated\\"><!----><span class=\\"gux-breadcrumb-generation gux-primary\\"><a class=\\"gux-breadcrumb-content gux-link\\" href=\\"#\\">Parent</a><span class=\\"gux-breadcrumb-separator\\" aria-hidden=\\"true\\">/</span></span></gux-breadcrumb-item> <gux-breadcrumb-item href=\\"#\\" class=\\"hydrated\\"><!----><span class=\\"gux-breadcrumb-generation gux-primary\\"><span class=\\"gux-breadcrumb-content\\">Current</span></span></gux-breadcrumb-item> </nav></gux-breadcrumbs>"`;

exports[`gux-breadcrumbs should display component as expected (4) 1`] = `"<gux-breadcrumbs lang=\\"en\\" accent=\\"primary\\" class=\\"hydrated\\"><!----><nav aria-label=\\"Breadcrumbs\\" class=\\"gux-breadcrumbs-container\\"> <gux-breadcrumb-item class=\\"hydrated\\"><!----><span class=\\"gux-breadcrumb-generation gux-primary\\"><span class=\\"gux-breadcrumb-content\\">Category</span><span class=\\"gux-breadcrumb-separator\\" aria-hidden=\\"true\\">/</span></span></gux-breadcrumb-item> <gux-breadcrumb-item href=\\"#\\" class=\\"hydrated\\"><!----><span class=\\"gux-breadcrumb-generation gux-primary\\"><a class=\\"gux-breadcrumb-content gux-link\\" href=\\"#\\">Parent</a><span class=\\"gux-breadcrumb-separator\\" aria-hidden=\\"true\\">/</span></span></gux-breadcrumb-item> <gux-breadcrumb-item class=\\"hydrated\\"><!----><span class=\\"gux-breadcrumb-generation gux-primary\\"><span class=\\"gux-breadcrumb-content\\">Current</span></span></gux-breadcrumb-item> </nav></gux-breadcrumbs>"`;

exports[`gux-breadcrumbs should display component as expected (5) 1`] = `"<gux-breadcrumbs lang=\\"en\\" accent=\\"secondary\\" class=\\"hydrated\\"><!----><nav aria-label=\\"Breadcrumbs\\" class=\\"gux-breadcrumbs-container\\"> <gux-breadcrumb-item class=\\"hydrated\\"><!----><span class=\\"gux-breadcrumb-generation gux-secondary\\"><span class=\\"gux-breadcrumb-content\\">Category</span><gux-icon class=\\"gux-breadcrumb-separator hydrated\\" icon-name=\\"chevron-small-right\\"><div class=\\"gux-icon-container\\"><svg xmlns=\\"http://www.w3.org/2000/svg\\" viewBox=\\"0 0 16 16\\" xml:space=\\"preserve\\" aria-hidden=\\"true\\" style=\\"enable-background: new 0 0 16 16;\\"><style>.st0{display:none}</style><path d=\\"M6.75 13c-.19 0-.38-.07-.53-.22a.754.754 0 0 1 0-1.06L9.94 8 6.22 4.28c-.29-.29-.29-.77 0-1.06s.77-.29 1.06 0l4.25 4.25c.29.29.29.77 0 1.06l-4.25 4.25c-.15.15-.34.22-.53.22z\\" id=\\"Genesys\\" style=\\"fill: #33383d;\\"></path></svg></div></gux-icon></span></gux-breadcrumb-item> <gux-breadcrumb-item href=\\"#\\" class=\\"hydrated\\"><!----><span class=\\"gux-breadcrumb-generation gux-secondary\\"><a class=\\"gux-breadcrumb-content gux-link\\" href=\\"#\\">Parent</a><gux-icon class=\\"gux-breadcrumb-separator hydrated\\" icon-name=\\"chevron-small-right\\"><div class=\\"gux-icon-container\\"><svg xmlns=\\"http://www.w3.org/2000/svg\\" viewBox=\\"0 0 16 16\\" xml:space=\\"preserve\\" aria-hidden=\\"true\\" style=\\"enable-background: new 0 0 16 16;\\"><style>.st0{display:none}</style><path d=\\"M6.75 13c-.19 0-.38-.07-.53-.22a.754.754 0 0 1 0-1.06L9.94 8 6.22 4.28c-.29-.29-.29-.77 0-1.06s.77-.29 1.06 0l4.25 4.25c.29.29.29.77 0 1.06l-4.25 4.25c-.15.15-.34.22-.53.22z\\" id=\\"Genesys\\" style=\\"fill: #33383d;\\"></path></svg></div></gux-icon></span></gux-breadcrumb-item> <gux-breadcrumb-item class=\\"hydrated\\"><!----><span class=\\"gux-breadcrumb-generation gux-secondary\\"><span class=\\"gux-breadcrumb-content\\">Current</span></span></gux-breadcrumb-item> </nav></gux-breadcrumbs>"`;

exports[`gux-breadcrumbs should display component as expected (6) 1`] = `"<gux-breadcrumbs lang=\\"en\\" accent=\\"invalid\\" class=\\"hydrated\\"><!----><nav aria-label=\\"Breadcrumbs\\" class=\\"gux-breadcrumbs-container\\"> <gux-breadcrumb-item class=\\"hydrated\\"><!----><span class=\\"gux-breadcrumb-generation gux-invalid\\"><span class=\\"gux-breadcrumb-content\\">Category</span><span class=\\"gux-breadcrumb-separator\\" aria-hidden=\\"true\\">/</span></span></gux-breadcrumb-item> <gux-breadcrumb-item href=\\"#\\" class=\\"hydrated\\"><!----><span class=\\"gux-breadcrumb-generation gux-invalid\\"><a class=\\"gux-breadcrumb-content gux-link\\" href=\\"#\\">Parent</a><span class=\\"gux-breadcrumb-separator\\" aria-hidden=\\"true\\">/</span></span></gux-breadcrumb-item> <gux-breadcrumb-item class=\\"hydrated\\"><!----><span class=\\"gux-breadcrumb-generation gux-invalid\\"><span class=\\"gux-breadcrumb-content\\">Current</span></span></gux-breadcrumb-item> </nav></gux-breadcrumbs>"`;
