// Jest Snapshot v1, https://goo.gl/fbAQLP

exports[`gux-visualization-beta #render should render default button 1`] = `"<gux-visualization-beta lang=\\"en\\" id=\\"visualization-1\\" class=\\"vega-embed hydrated\\" role=\\"graphics-document\\" aria-roledescription=\\"visualization\\" aria-label=\\"Vega visualization\\"><svg xmlns=\\"http://www.w3.org/2000/svg\\" xmlns:xlink=\\"http://www.w3.org/1999/xlink\\" version=\\"1.1\\" class=\\"marks\\" width=\\"0\\" height=\\"0\\" viewBox=\\"0 0 0 0\\"><g fill=\\"none\\" stroke-miterlimit=\\"10\\" transform=\\"translate(0,0)\\"><g class=\\"mark-group role-frame root\\" role=\\"graphics-object\\" aria-roledescription=\\"group mark container\\"><g transform=\\"translate(0,0)\\"><path class=\\"background\\" aria-hidden=\\"true\\" d=\\"M0,0h0v0h0Z\\"></path><g></g><path class=\\"foreground\\" aria-hidden=\\"true\\" d=\\"\\" display=\\"none\\"></path></g></g></g></svg><form class=\\"vega-bindings\\"></form></gux-visualization-beta>"`;
