// Jest Snapshot v1, https://goo.gl/fbAQLP

exports[`gux-radial-progress should display component as expected (1) 1`] = `"<gux-tag-beta lang=\\"en\\" class=\\"hydrated\\"><!----><div class=\\"gux-tag gux-default\\"><div class=\\"gux-tag-text\\">default</div></div></gux-tag-beta>"`;

exports[`gux-radial-progress should display component as expected (2) 1`] = `"<gux-tag-beta lang=\\"en\\" color=\\"default\\" class=\\"hydrated\\"><!----><div class=\\"gux-tag gux-default\\"><div class=\\"gux-tag-text\\">default (explicit)</div></div></gux-tag-beta>"`;

exports[`gux-radial-progress should display component as expected (3) 1`] = `"<gux-tag-beta lang=\\"en\\" color=\\"navy\\" class=\\"hydrated\\"><!----><div class=\\"gux-tag gux-navy\\"><div class=\\"gux-tag-text\\">navy</div></div></gux-tag-beta>"`;

exports[`gux-radial-progress should display component as expected (4) 1`] = `"<gux-tag-beta lang=\\"en\\" icon=\\"bolt\\" color=\\"navy\\" class=\\"hydrated\\"><!----><div class=\\"gux-tag gux-navy\\"><div class=\\"gux-tag-icon-container\\"><gux-icon class=\\"gux-tag-icon hydrated\\" icon-name=\\"bolt\\"><div class=\\"gux-icon-container\\"><svg xmlns=\\"http://www.w3.org/2000/svg\\" viewBox=\\"0 0 16 16\\" xml:space=\\"preserve\\" aria-hidden=\\"true\\" style=\\"enable-background: new 0 0 16 16;\\"><style>.st0{display:none}.st8{display:inline;fill:none;stroke:#33383d;stroke-width:1.5;stroke-linecap:round;stroke-linejoin:round;stroke-miterlimit:10}</style><path d=\\"M8 16c-.08 0-.16-.01-.24-.04a.741.741 0 0 1-.51-.71v-4H.75a.76.76 0 0 1-.67-.41c-.13-.25-.1-.56.07-.78L7.4.31c.19-.26.53-.37.84-.26.31.1.51.39.51.71V5.5c0 .41-.34.75-.75.75s-.75-.34-.75-.75V3.02l-5 6.73h5.76c.41 0 .75.34.75.75v2.48l5-6.74H10.5c-.41 0-.75-.34-.75-.75s.34-.75.75-.75h4.75c.28 0 .54.16.67.41.13.25.1.56-.07.78L8.6 15.7c-.14.19-.37.3-.6.3z\\" id=\\"Genesys\\" style=\\"fill: #33383d;\\"></path></svg></div></gux-icon></div><div class=\\"gux-tag-text\\">navy</div></div></gux-tag-beta>"`;

exports[`gux-radial-progress should display component as expected (5) 1`] = `"<gux-tag-beta lang=\\"en\\" icon=\\"bolt\\" color=\\"navy\\" value=\\"3\\" removable=\\"\\" class=\\"hydrated\\"><!----><div class=\\"gux-tag gux-navy\\"><div class=\\"gux-tag-icon-container\\"><gux-icon class=\\"gux-tag-icon hydrated\\" icon-name=\\"bolt\\"><div class=\\"gux-icon-container\\"><svg xmlns=\\"http://www.w3.org/2000/svg\\" viewBox=\\"0 0 16 16\\" xml:space=\\"preserve\\" aria-hidden=\\"true\\" style=\\"enable-background: new 0 0 16 16;\\"><style>.st0{display:none}.st8{display:inline;fill:none;stroke:#33383d;stroke-width:1.5;stroke-linecap:round;stroke-linejoin:round;stroke-miterlimit:10}</style><path d=\\"M8 16c-.08 0-.16-.01-.24-.04a.741.741 0 0 1-.51-.71v-4H.75a.76.76 0 0 1-.67-.41c-.13-.25-.1-.56.07-.78L7.4.31c.19-.26.53-.37.84-.26.31.1.51.39.51.71V5.5c0 .41-.34.75-.75.75s-.75-.34-.75-.75V3.02l-5 6.73h5.76c.41 0 .75.34.75.75v2.48l5-6.74H10.5c-.41 0-.75-.34-.75-.75s.34-.75.75-.75h4.75c.28 0 .54.16.67.41.13.25.1.56-.07.78L8.6 15.7c-.14.19-.37.3-.6.3z\\" id=\\"Genesys\\" style=\\"fill: #33383d;\\"></path></svg></div></gux-icon></div><div class=\\"gux-tag-text\\">navy</div><button class=\\"gux-tag-remove-button\\" type=\\"button\\"><gux-icon class=\\"gux-tag-remove-icon hydrated\\" icon-name=\\"close\\" screenreader-text=\\"Remove tag\\"><div class=\\"gux-icon-container\\"><svg xmlns=\\"http://www.w3.org/2000/svg\\" viewBox=\\"0 0 16 16\\" xml:space=\\"preserve\\" aria-label=\\"Remove tag\\" style=\\"enable-background: new 0 0 16 16;\\"><path d=\\"m9.06 8 3.72-3.72c.29-.29.29-.77 0-1.06s-.77-.29-1.06 0L8 6.94 4.28 3.22c-.29-.29-.77-.29-1.06 0s-.29.77 0 1.06L6.94 8l-3.72 3.72c-.29.29-.29.77 0 1.06.15.15.34.22.53.22s.38-.07.53-.22L8 9.06l3.72 3.72c.15.15.34.22.53.22s.38-.07.53-.22c.29-.29.29-.77 0-1.06L9.06 8z\\" style=\\"fill: #33383d;\\"></path></svg></div></gux-icon></button></div></gux-tag-beta>"`;
